// Jest Snapshot v1, https://goo.gl/fbAQLP

exports[`NavBar matches the snapshot 1`] = `
<DocumentFragment>
  @keyframes animation-0 {
  to {
    -webkit-transform: rotate(360deg);
    -ms-transform: rotate(360deg);
    transform: rotate(360deg);
  }
}

@keyframes animation-0 {
  to {
    -webkit-transform: rotate(360deg);
    -ms-transform: rotate(360deg);
    transform: rotate(360deg);
  }
}

.emotion-1 {
  background-color: #d9c148;
  padding: 15px;
}

.emotion-0 {
  font-size: 4rem;
  display: inline-block;
  -webkit-animation: 5s animation-0 linear infinite;
  animation: 5s animation-0 linear infinite;
}

.emotion-0:hover {
  -webkit-text-decoration: underline;
  text-decoration: underline;
  -webkit-animation: 1s animation-0 linear infinite reverse;
  animation: 1s animation-0 linear infinite reverse;
}

<header
    class="emotion-1"
  >
    <a
      aria-current="page"
      href="/"
    >
      Adopt me !
    </a>
    <span
      aria-label="logo"
      class="emotion-0"
      role="img"
    >
      üê©
    </span>
  </header>
</DocumentFragment>
`;
